// Jest Snapshot v1, https://goo.gl/fbAQLP

exports[`Dropdown should render 1`] = `
<div
  class="container"
>
  <button
    aria-label="menuButton"
  >
    <button />
  </button>
</div>
`;
